Parsing tree: testdata/medium.tree
  Number of tip/leaf nodes in tree: 60
  Number of inner nodes in tree: 58
  Total number of nodes in tree: 118
  Number of branches in tree: 117

|   
+---+ N39 0.009002 98
|   |   
|   +---+ N41 0.002556 100
|   |   |   
|   |   +---+ N40 0.046501 99
|   |   |   |   
|   |   |   +--- T024 0.000237 43
|   |   |   |   
|   |   |   +--- T025 7.447760 44
|   |   |   
|   |   +---+ N42 0.047187 101
|   |       |   
|   |       +---+ N43 0.002277 102
|   |       |   |   
|   |       |   +---+ N44 0.017015 103
|   |       |   |   |   
|   |       |   |   +--- T043 0.007800 45
|   |       |   |   |   
|   |       |   |   +---+ N45 0.000817 104
|   |       |   |       |   
|   |       |   |       +--- T059 0.013617 46
|   |       |   |       |   
|   |       |   |       +---+ N50 0.000534 109
|   |       |   |           |   
|   |       |   |           +---+ N49 0.002164 108
|   |       |   |           |   |   
|   |       |   |           |   +---+ N48 0.001114 107
|   |       |   |           |   |   |   
|   |       |   |           |   |   +---+ N47 0.000459 106
|   |       |   |           |   |   |   |   
|   |       |   |           |   |   |   +---+ N46 0.000605 105
|   |       |   |           |   |   |   |   |   
|   |       |   |           |   |   |   |   +--- T053 0.008508 47
|   |       |   |           |   |   |   |   |   
|   |       |   |           |   |   |   |   +--- T057 0.010850 48
|   |       |   |           |   |   |   |   
|   |       |   |           |   |   |   +--- T060 0.007606 49
|   |       |   |           |   |   |   
|   |       |   |           |   |   +--- T050 0.009139 50
|   |       |   |           |   |   
|   |       |   |           |   +--- T056 0.007551 51
|   |       |   |           |   
|   |       |   |           +---+ N58 0.002713 117
|   |       |   |               |   
|   |       |   |               +---+ N57 0.000258 116
|   |       |   |               |   |   
|   |       |   |               |   +---+ N56 0.000267 115
|   |       |   |               |   |   |   
|   |       |   |               |   |   +---+ N54 0.002081 113
|   |       |   |               |   |   |   |   
|   |       |   |               |   |   |   +---+ N53 0.000140 112
|   |       |   |               |   |   |   |   |   
|   |       |   |               |   |   |   |   +---+ N52 0.001634 111
|   |       |   |               |   |   |   |   |   |   
|   |       |   |               |   |   |   |   |   +---+ N51 0.000247 110
|   |       |   |               |   |   |   |   |   |   |   
|   |       |   |               |   |   |   |   |   |   +--- T037 0.001309 52
|   |       |   |               |   |   |   |   |   |   |   
|   |       |   |               |   |   |   |   |   |   +--- T045 0.000252 53
|   |       |   |               |   |   |   |   |   |   
|   |       |   |               |   |   |   |   |   +--- T040 0.001003 54
|   |       |   |               |   |   |   |   |   
|   |       |   |               |   |   |   |   +--- T038 0.001810 55
|   |       |   |               |   |   |   |   
|   |       |   |               |   |   |   +--- T044 0.003864 56
|   |       |   |               |   |   |   
|   |       |   |               |   |   +---+ N55 0.005752 114
|   |       |   |               |   |       |   
|   |       |   |               |   |       +--- T041 0.003380 57
|   |       |   |               |   |       |   
|   |       |   |               |   |       +--- T042 0.000373 58
|   |       |   |               |   |   
|   |       |   |               |   +--- T054 0.005790 59
|   |       |   |               |   
|   |       |   |               +---+ N1 0.002871 60
|   |       |   |                   |   
|   |       |   |                   +--- T039 0.001342 0
|   |       |   |                   |   
|   |       |   |                   +--- T052 0.001472 1
|   |       |   |   
|   |       |   +---+ N14 0.001666 73
|   |       |       |   
|   |       |       +---+ N11 0.002540 70
|   |       |       |   |   
|   |       |       |   +---+ N7 0.000481 66
|   |       |       |   |   |   
|   |       |       |   |   +---+ N5 0.008273 64
|   |       |       |   |   |   |   
|   |       |       |   |   |   +---+ N3 0.004861 62
|   |       |       |   |   |   |   |   
|   |       |       |   |   |   |   +---+ N2 0.008567 61
|   |       |       |   |   |   |   |   |   
|   |       |       |   |   |   |   |   +--- T001 0.000781 2
|   |       |       |   |   |   |   |   |   
|   |       |       |   |   |   |   |   +--- T003 0.000781 3
|   |       |       |   |   |   |   |   
|   |       |       |   |   |   |   +--- T005 0.007251 4
|   |       |       |   |   |   |   
|   |       |       |   |   |   +---+ N4 0.010635 63
|   |       |       |   |   |       |   
|   |       |       |   |   |       +--- T002 0.100000 5
|   |       |       |   |   |       |   
|   |       |       |   |   |       +--- T004 0.100000 6
|   |       |       |   |   |   
|   |       |       |   |   +---+ N6 0.021569 65
|   |       |       |   |       |   
|   |       |       |   |       +--- T031 0.001026 7
|   |       |       |   |       |   
|   |       |       |   |       +--- T032 0.001786 8
|   |       |       |   |   
|   |       |       |   +---+ N10 0.004552 69
|   |       |       |       |   
|   |       |       |       +---+ N8 0.009393 67
|   |       |       |       |   |   
|   |       |       |       |   +--- T013 0.000307 9
|   |       |       |       |   |   
|   |       |       |       |   +--- T014 0.000317 10
|   |       |       |       |   
|   |       |       |       +---+ N9 0.016157 68
|   |       |       |           |   
|   |       |       |           +--- T026 0.470037 11
|   |       |       |           |   
|   |       |       |           +--- T027 0.000981 12
|   |       |       |   
|   |       |       +---+ N13 0.012876 72
|   |       |           |   
|   |       |           +---+ N12 0.013714 71
|   |       |           |   |   
|   |       |           |   +--- T028 0.000663 13
|   |       |           |   |   
|   |       |           |   +--- T029 0.000899 14
|   |       |           |   
|   |       |           +--- T030 0.010885 15
|   |       |   
|   |       +---+ N23 0.028790 82
|   |           |   
|   |           +---+ N22 0.002050 81
|   |           |   |   
|   |           |   +---+ N17 0.003299 76
|   |           |   |   |   
|   |           |   |   +---+ N16 0.006312 75
|   |           |   |   |   |   
|   |           |   |   |   +---+ N15 0.000613 74
|   |           |   |   |   |   |   
|   |           |   |   |   |   +--- T047 0.000916 16
|   |           |   |   |   |   |   
|   |           |   |   |   |   +--- T058 0.000646 17
|   |           |   |   |   |   
|   |           |   |   |   +--- T046 0.002204 18
|   |           |   |   |   
|   |           |   |   +--- T035 0.007141 19
|   |           |   |   
|   |           |   +---+ N21 0.009761 80
|   |           |       |   
|   |           |       +---+ N19 0.000342 78
|   |           |       |   |   
|   |           |       |   +---+ N18 0.000762 77
|   |           |       |   |   |   
|   |           |       |   |   +--- T049 0.843279 20
|   |           |       |   |   |   
|   |           |       |   |   +--- T051 0.843279 21
|   |           |       |   |   
|   |           |       |   +--- T048 0.000174 22
|   |           |       |   
|   |           |       +---+ N20 0.000596 79
|   |           |           |   
|   |           |           +--- T034 0.000892 23
|   |           |           |   
|   |           |           +--- T036 0.000357 24
|   |           |   
|   |           +--- T055 0.013401 25
|   |   
|   +---+ N29 0.007610 88
|       |   
|       +---+ N27 0.029890 86
|       |   |   
|       |   +---+ N25 0.008166 84
|       |   |   |   
|       |   |   +---+ N24 0.000525 83
|       |   |   |   |   
|       |   |   |   +--- T010 2.151286 26
|       |   |   |   |   
|       |   |   |   +--- T012 0.000290 27
|       |   |   |   
|       |   |   +--- T009 9.875808 28
|       |   |   
|       |   +---+ N26 0.008204 85
|       |       |   
|       |       +--- T008 5.565886 29
|       |       |   
|       |       +--- T011 0.001193 30
|       |   
|       +---+ N28 0.038891 87
|           |   
|           +--- T006 0.000749 31
|           |   
|           +--- T007 0.000813 32
|   
+---+ N37 0.041835 96
|   |   
|   +---+ N32 0.012803 91
|   |   |   
|   |   +---+ N31 0.001775 90
|   |   |   |   
|   |   |   +---+ N30 0.000477 89
|   |   |   |   |   
|   |   |   |   +--- T015 0.000817 33
|   |   |   |   |   
|   |   |   |   +--- T022 0.000432 34
|   |   |   |   
|   |   |   +--- T021 0.001086 35
|   |   |   
|   |   +--- T020 0.001359 36
|   |   
|   +---+ N36 0.015169 95
|       |   
|       +---+ N34 0.001292 93
|       |   |   
|       |   +---+ N33 0.001221 92
|       |   |   |   
|       |   |   +--- T018 0.000342 37
|       |   |   |   
|       |   |   +--- T019 0.319261 38
|       |   |   
|       |   +--- T016 0.000341 39
|       |   
|       +---+ N35 0.002154 94
|           |   
|           +--- T017 0.000110 40
|           |   
|           +--- T023 0.000202 41
|   
+--- T033 0.043221 42
((((T024:0.000237,T025:7.447760)N40:0.046501,(((T043:0.007800,(T059:0.013617,(((((T053:0.008508,T057:0.010850)N46:0.000605,T060:0.007606)N47:0.000459,T050:0.009139)N48:0.001114,T056:0.007551)N49:0.002164,(((((((T037:0.001309,T045:0.000252)N51:0.000247,T040:0.001003)N52:0.001634,T038:0.001810)N53:0.000140,T044:0.003864)N54:0.002081,(T041:0.003380,T042:0.000373)N55:0.005752)N56:0.000267,T054:0.005790)N57:0.000258,(T039:0.001342,T052:0.001472)N1:0.002871)N58:0.002713)N50:0.000534)N45:0.000817)N44:0.017015,((((((T001:0.000781,T003:0.000781)N2:0.008567,T005:0.007251)N3:0.004861,(T002:0.100000,T004:0.100000)N4:0.010635)N5:0.008273,(T031:0.001026,T032:0.001786)N6:0.021569)N7:0.000481,((T013:0.000307,T014:0.000317)N8:0.009393,(T026:0.470037,T027:0.000981)N9:0.016157)N10:0.004552)N11:0.002540,((T028:0.000663,T029:0.000899)N12:0.013714,T030:0.010885)N13:0.012876)N14:0.001666)N43:0.002277,(((((T047:0.000916,T058:0.000646)N15:0.000613,T046:0.002204)N16:0.006312,T035:0.007141)N17:0.003299,(((T049:0.843279,T051:0.843279)N18:0.000762,T048:0.000174)N19:0.000342,(T034:0.000892,T036:0.000357)N20:0.000596)N21:0.009761)N22:0.002050,T055:0.013401)N23:0.028790)N42:0.047187)N41:0.002556,((((T010:2.151286,T012:0.000290)N24:0.000525,T009:9.875808)N25:0.008166,(T008:5.565886,T011:0.001193)N26:0.008204)N27:0.029890,(T006:0.000749,T007:0.000813)N28:0.038891)N29:0.007610)N39:0.009002,((((T015:0.000817,T022:0.000432)N30:0.000477,T021:0.001086)N31:0.001775,T020:0.001359)N32:0.012803,(((T018:0.000342,T019:0.319261)N33:0.001221,T016:0.000341)N34:0.001292,(T017:0.000110,T023:0.000202)N35:0.002154)N36:0.015169)N37:0.041835,T033:0.043221)N38:0.0;

Reading FASTA file: testdata/medium.fas
  Length of sequences: 4465
Model paramters:
  Frequencies:  0.2500 0.2500 0.2500 0.2500 
  Subst. rates: 1.0000 1.0000 1.0000 1.0000 1.0000 1.0000 
  Gamma rates:  0.1370 0.4768 1.0000 2.3863 
Traversal size: 118
Operations: 58
Probability Matrices: 117
Log-L at N38-N39: -48496.376160


Obtaining random bisection edge
Obtaining random reconnection edges at a distance of 3
Tree bisect at N39-N41
Tree reconnect T007-N28 and T055-N23
Integrity check N39... OK

|   
+--- T055 0.000000 25
|   
+---+ N23 0.013401 82
|   |   
|   +---+ N42 0.028790 101
|   |   |   
|   |   +---+ N40 0.093688 99
|   |   |   |   
|   |   |   +--- T024 0.000237 43
|   |   |   |   
|   |   |   +--- T025 7.447760 44
|   |   |   
|   |   +---+ N43 0.002277 102
|   |       |   
|   |       +---+ N44 0.017015 103
|   |       |   |   
|   |       |   +--- T043 0.007800 45
|   |       |   |   
|   |       |   +---+ N45 0.000817 104
|   |       |       |   
|   |       |       +--- T059 0.013617 46
|   |       |       |   
|   |       |       +---+ N50 0.000534 109
|   |       |           |   
|   |       |           +---+ N49 0.002164 108
|   |       |           |   |   
|   |       |           |   +---+ N48 0.001114 107
|   |       |           |   |   |   
|   |       |           |   |   +---+ N47 0.000459 106
|   |       |           |   |   |   |   
|   |       |           |   |   |   +---+ N46 0.000605 105
|   |       |           |   |   |   |   |   
|   |       |           |   |   |   |   +--- T053 0.008508 47
|   |       |           |   |   |   |   |   
|   |       |           |   |   |   |   +--- T057 0.010850 48
|   |       |           |   |   |   |   
|   |       |           |   |   |   +--- T060 0.007606 49
|   |       |           |   |   |   
|   |       |           |   |   +--- T050 0.009139 50
|   |       |           |   |   
|   |       |           |   +--- T056 0.007551 51
|   |       |           |   
|   |       |           +---+ N58 0.002713 117
|   |       |               |   
|   |       |               +---+ N57 0.000258 116
|   |       |               |   |   
|   |       |               |   +---+ N56 0.000267 115
|   |       |               |   |   |   
|   |       |               |   |   +---+ N54 0.002081 113
|   |       |               |   |   |   |   
|   |       |               |   |   |   +---+ N53 0.000140 112
|   |       |               |   |   |   |   |   
|   |       |               |   |   |   |   +---+ N52 0.001634 111
|   |       |               |   |   |   |   |   |   
|   |       |               |   |   |   |   |   +---+ N51 0.000247 110
|   |       |               |   |   |   |   |   |   |   
|   |       |               |   |   |   |   |   |   +--- T037 0.001309 52
|   |       |               |   |   |   |   |   |   |   
|   |       |               |   |   |   |   |   |   +--- T045 0.000252 53
|   |       |               |   |   |   |   |   |   
|   |       |               |   |   |   |   |   +--- T040 0.001003 54
|   |       |               |   |   |   |   |   
|   |       |               |   |   |   |   +--- T038 0.001810 55
|   |       |               |   |   |   |   
|   |       |               |   |   |   +--- T044 0.003864 56
|   |       |               |   |   |   
|   |       |               |   |   +---+ N55 0.005752 114
|   |       |               |   |       |   
|   |       |               |   |       +--- T041 0.003380 57
|   |       |               |   |       |   
|   |       |               |   |       +--- T042 0.000373 58
|   |       |               |   |   
|   |       |               |   +--- T054 0.005790 59
|   |       |               |   
|   |       |               +---+ N1 0.002871 60
|   |       |                   |   
|   |       |                   +--- T039 0.001342 0
|   |       |                   |   
|   |       |                   +--- T052 0.001472 1
|   |       |   
|   |       +---+ N14 0.001666 73
|   |           |   
|   |           +---+ N11 0.002540 70
|   |           |   |   
|   |           |   +---+ N7 0.000481 66
|   |           |   |   |   
|   |           |   |   +---+ N5 0.008273 64
|   |           |   |   |   |   
|   |           |   |   |   +---+ N3 0.004861 62
|   |           |   |   |   |   |   
|   |           |   |   |   |   +---+ N2 0.008567 61
|   |           |   |   |   |   |   |   
|   |           |   |   |   |   |   +--- T001 0.000781 2
|   |           |   |   |   |   |   |   
|   |           |   |   |   |   |   +--- T003 0.000781 3
|   |           |   |   |   |   |   
|   |           |   |   |   |   +--- T005 0.007251 4
|   |           |   |   |   |   
|   |           |   |   |   +---+ N4 0.010635 63
|   |           |   |   |       |   
|   |           |   |   |       +--- T002 0.100000 5
|   |           |   |   |       |   
|   |           |   |   |       +--- T004 0.100000 6
|   |           |   |   |   
|   |           |   |   +---+ N6 0.021569 65
|   |           |   |       |   
|   |           |   |       +--- T031 0.001026 7
|   |           |   |       |   
|   |           |   |       +--- T032 0.001786 8
|   |           |   |   
|   |           |   +---+ N10 0.004552 69
|   |           |       |   
|   |           |       +---+ N8 0.009393 67
|   |           |       |   |   
|   |           |       |   +--- T013 0.000307 9
|   |           |       |   |   
|   |           |       |   +--- T014 0.000317 10
|   |           |       |   
|   |           |       +---+ N9 0.016157 68
|   |           |           |   
|   |           |           +--- T026 0.470037 11
|   |           |           |   
|   |           |           +--- T027 0.000981 12
|   |           |   
|   |           +---+ N13 0.012876 72
|   |               |   
|   |               +---+ N12 0.013714 71
|   |               |   |   
|   |               |   +--- T028 0.000663 13
|   |               |   |   
|   |               |   +--- T029 0.000899 14
|   |               |   
|   |               +--- T030 0.010885 15
|   |   
|   +---+ N22 0.002050 81
|       |   
|       +---+ N17 0.003299 76
|       |   |   
|       |   +---+ N16 0.006312 75
|       |   |   |   
|       |   |   +---+ N15 0.000613 74
|       |   |   |   |   
|       |   |   |   +--- T047 0.000916 16
|       |   |   |   |   
|       |   |   |   +--- T058 0.000646 17
|       |   |   |   
|       |   |   +--- T046 0.002204 18
|       |   |   
|       |   +--- T035 0.007141 19
|       |   
|       +---+ N21 0.009761 80
|           |   
|           +---+ N19 0.000342 78
|           |   |   
|           |   +---+ N18 0.000762 77
|           |   |   |   
|           |   |   +--- T049 0.843279 20
|           |   |   |   
|           |   |   +--- T051 0.843279 21
|           |   |   
|           |   +--- T048 0.000174 22
|           |   
|           +---+ N20 0.000596 79
|               |   
|               +--- T034 0.000892 23
|               |   
|               +--- T036 0.000357 24
|   
+---+ N39 0.555000 98
    |   
    +--- T007 0.000000 32
    |   
    +---+ N28 0.000813 87
        |   
        +---+ N29 0.038891 88
        |   |   
        |   +---+ N38 0.016612 97
        |   |   |   
        |   |   +---+ N37 0.041835 96
        |   |   |   |   
        |   |   |   +---+ N32 0.012803 91
        |   |   |   |   |   
        |   |   |   |   +---+ N31 0.001775 90
        |   |   |   |   |   |   
        |   |   |   |   |   +---+ N30 0.000477 89
        |   |   |   |   |   |   |   
        |   |   |   |   |   |   +--- T015 0.000817 33
        |   |   |   |   |   |   |   
        |   |   |   |   |   |   +--- T022 0.000432 34
        |   |   |   |   |   |   
        |   |   |   |   |   +--- T021 0.001086 35
        |   |   |   |   |   
        |   |   |   |   +--- T020 0.001359 36
        |   |   |   |   
        |   |   |   +---+ N36 0.015169 95
        |   |   |       |   
        |   |   |       +---+ N34 0.001292 93
        |   |   |       |   |   
        |   |   |       |   +---+ N33 0.001221 92
        |   |   |       |   |   |   
        |   |   |       |   |   +--- T018 0.000342 37
        |   |   |       |   |   |   
        |   |   |       |   |   +--- T019 0.319261 38
        |   |   |       |   |   
        |   |   |       |   +--- T016 0.000341 39
        |   |   |       |   
        |   |   |       +---+ N35 0.002154 94
        |   |   |           |   
        |   |   |           +--- T017 0.000110 40
        |   |   |           |   
        |   |   |           +--- T023 0.000202 41
        |   |   |   
        |   |   +--- T033 0.043221 42
        |   |   
        |   +---+ N27 0.029890 86
        |       |   
        |       +---+ N25 0.008166 84
        |       |   |   
        |       |   +---+ N24 0.000525 83
        |       |   |   |   
        |       |   |   +--- T010 2.151286 26
        |       |   |   |   
        |       |   |   +--- T012 0.000290 27
        |       |   |   
        |       |   +--- T009 9.875808 28
        |       |   
        |       +---+ N26 0.008204 85
        |           |   
        |           +--- T008 5.565886 29
        |           |   
        |           +--- T011 0.001193 30
        |   
        +--- T006 0.000749 31
(T055:0.000000,(((T024:0.000237,T025:7.447760)N40:0.093688,((T043:0.007800,(T059:0.013617,(((((T053:0.008508,T057:0.010850)N46:0.000605,T060:0.007606)N47:0.000459,T050:0.009139)N48:0.001114,T056:0.007551)N49:0.002164,(((((((T037:0.001309,T045:0.000252)N51:0.000247,T040:0.001003)N52:0.001634,T038:0.001810)N53:0.000140,T044:0.003864)N54:0.002081,(T041:0.003380,T042:0.000373)N55:0.005752)N56:0.000267,T054:0.005790)N57:0.000258,(T039:0.001342,T052:0.001472)N1:0.002871)N58:0.002713)N50:0.000534)N45:0.000817)N44:0.017015,((((((T001:0.000781,T003:0.000781)N2:0.008567,T005:0.007251)N3:0.004861,(T002:0.100000,T004:0.100000)N4:0.010635)N5:0.008273,(T031:0.001026,T032:0.001786)N6:0.021569)N7:0.000481,((T013:0.000307,T014:0.000317)N8:0.009393,(T026:0.470037,T027:0.000981)N9:0.016157)N10:0.004552)N11:0.002540,((T028:0.000663,T029:0.000899)N12:0.013714,T030:0.010885)N13:0.012876)N14:0.001666)N43:0.002277)N42:0.028790,((((T047:0.000916,T058:0.000646)N15:0.000613,T046:0.002204)N16:0.006312,T035:0.007141)N17:0.003299,(((T049:0.843279,T051:0.843279)N18:0.000762,T048:0.000174)N19:0.000342,(T034:0.000892,T036:0.000357)N20:0.000596)N21:0.009761)N22:0.002050)N23:0.013401,(T007:0.000000,(((((((T015:0.000817,T022:0.000432)N30:0.000477,T021:0.001086)N31:0.001775,T020:0.001359)N32:0.012803,(((T018:0.000342,T019:0.319261)N33:0.001221,T016:0.000341)N34:0.001292,(T017:0.000110,T023:0.000202)N35:0.002154)N36:0.015169)N37:0.041835,T033:0.043221)N38:0.016612,(((T010:2.151286,T012:0.000290)N24:0.000525,T009:9.875808)N25:0.008166,(T008:5.565886,T011:0.001193)N26:0.008204)N27:0.029890)N29:0.038891,T006:0.000749)N28:0.000813)N39:0.555000)N41:0.0;


Marginal likelihoods:
  Log-L Partial at N39: -49069.990156
  Log-L Partial at T007: -6187.031734
  Log-L at N39-T007: -49226.491677

Destroy buffers
Destroy tree
